accounting: discovered 113 tests
test_cancel_release_can_fund_next_sequence_withdrawal_same_batch (test_boundaries.ModelBoundaryTests.test_cancel_release_can_fund_next_sequence_withdrawal_same_batch) ... ok
test_eligible_same_batch_deposit_can_back_order (test_boundaries.ModelBoundaryTests.test_eligible_same_batch_deposit_can_back_order) ... ok
test_interpolation_bound_failure_rolls_back_whole_candidate (test_boundaries.ModelBoundaryTests.test_interpolation_bound_failure_rolls_back_whole_candidate) ... ok
test_later_clearing_cannot_retroactively_fund_earlier_withdrawal (test_boundaries.ModelBoundaryTests.test_later_clearing_cannot_retroactively_fund_earlier_withdrawal) ... ok
test_nonstable_quote_remains_explicitly_unimplemented (test_boundaries.ModelBoundaryTests.test_nonstable_quote_remains_explicitly_unimplemented) ... ok
test_sequence_bound_refuses_without_wrapping_or_replacing_history (test_boundaries.ModelBoundaryTests.test_sequence_bound_refuses_without_wrapping_or_replacing_history) ... ok
test_auction_propagates_interpolation_limit (test_curves.CurveTests.test_auction_propagates_interpolation_limit) ... ok
test_candidates_are_only_existing_breakpoints (test_curves.CurveTests.test_candidates_are_only_existing_breakpoints) ... ok
test_duplicate_and_bad_order_rejection (test_curves.CurveTests.test_duplicate_and_bad_order_rejection) ... ok
test_exact_large_aggregates (test_curves.CurveTests.test_exact_large_aggregates) ... ok
test_floor_interpolation_and_flat_clamps (test_curves.CurveTests.test_floor_interpolation_and_flat_clamps) ... ok
test_intermediate_limit_checks_absolute_interpolation (test_curves.CurveTests.test_intermediate_limit_checks_absolute_interpolation) ... ok
test_intermediate_limit_checks_auction_totals_and_rationing (test_curves.CurveTests.test_intermediate_limit_checks_auction_totals_and_rationing) ... ok
test_intermediate_limit_checks_staircase_products_sums_and_scale (test_curves.CurveTests.test_intermediate_limit_checks_staircase_products_sums_and_scale) ... ok
test_invalid_intermediate_limits_reject_even_empty_execution (test_curves.CurveTests.test_invalid_intermediate_limits_reject_even_empty_execution) ... ok
test_largest_remainder_not_simple_account_priority (test_curves.CurveTests.test_largest_remainder_not_simple_account_priority) ... ok
test_limit_order_bound_is_exact_and_scaled (test_curves.CurveTests.test_limit_order_bound_is_exact_and_scaled) ... ok
test_persistent_bound_exhaustive_small_curves_and_fill_sequences (test_curves.CurveTests.test_persistent_bound_exhaustive_small_curves_and_fill_sequences) ... ok
test_seller_long_side_and_revision_residual (test_curves.CurveTests.test_seller_long_side_and_revision_residual) ... ok
test_single_auction_notional_bound_is_unsafe (test_curves.CurveTests.test_single_auction_notional_bound_is_unsafe) ... ok
test_tied_remainders_use_canonical_account_bytes (test_curves.CurveTests.test_tied_remainders_use_canonical_account_bytes) ... ok
test_validation (test_curves.CurveTests.test_validation) ... ok
test_volume_then_imbalance_then_lowest_price (test_curves.CurveTests.test_volume_then_imbalance_then_lowest_price) ... ok
test_eight_zero_decimals_trade_does_not_invent_fractional_quote_atoms (test_decimal_fees.DecimalAndFeeTests.test_eight_zero_decimals_trade_does_not_invent_fractional_quote_atoms) ... ok
test_fresh_tiny_orders_avoid_dust_that_cumulative_partial_fills_accrue (test_decimal_fees.DecimalAndFeeTests.test_fresh_tiny_orders_avoid_dust_that_cumulative_partial_fills_accrue) ... ok
test_native_zero_asset_id_nine_six_decimals_trade_explicit_atoms (test_decimal_fees.DecimalAndFeeTests.test_native_zero_asset_id_nine_six_decimals_trade_explicit_atoms) ... ok
test_same_batch_shared_exact_quote_combines_market_fees_before_treasury_floor (test_decimal_fees.DecimalAndFeeTests.test_same_batch_shared_exact_quote_combines_market_fees_before_treasury_floor) ... ok
test_same_symbol_separate_quote_ids_floor_independently (test_decimal_fees.DecimalAndFeeTests.test_same_symbol_separate_quote_ids_floor_independently) ... ok
test_shared_quote_separate_batches_do_not_carry_treasury_dust (test_decimal_fees.DecimalAndFeeTests.test_shared_quote_separate_batches_do_not_carry_treasury_dust) ... ok
test_independent_checker_detects_compensated_owner_swap (test_milestone1_randomized.Milestone1RandomizedTests.test_independent_checker_detects_compensated_owner_swap) ... ok
test_seed_a110 (test_milestone1_randomized.Milestone1RandomizedTests.test_seed_a110) ... ok
test_seed_a111 (test_milestone1_randomized.Milestone1RandomizedTests.test_seed_a111) ... ok
test_seed_a112 (test_milestone1_randomized.Milestone1RandomizedTests.test_seed_a112) ... ok
test_seed_a113 (test_milestone1_randomized.Milestone1RandomizedTests.test_seed_a113) ... ok
test_restore_rejects_fabricated_cancel_and_reservation_release (test_milestone1_regressions.MilestoneOneRestorationTests.test_restore_rejects_fabricated_cancel_and_reservation_release) ... ok
test_restore_rejects_fee_reassignment_between_historical_seats (test_milestone1_regressions.MilestoneOneRestorationTests.test_restore_rejects_fee_reassignment_between_historical_seats) ... ok
test_restore_rejects_lifetime_fill_without_execution (test_milestone1_regressions.MilestoneOneRestorationTests.test_restore_rejects_lifetime_fill_without_execution) ... ok
test_restore_rejects_revision_above_action_revision_limit (test_milestone1_regressions.MilestoneOneRestorationTests.test_restore_rejects_revision_above_action_revision_limit) ... ok
test_restore_rejects_revision_spend_without_lifetime_notional (test_milestone1_regressions.MilestoneOneRestorationTests.test_restore_rejects_revision_spend_without_lifetime_notional) ... ok
test_restore_rejects_spot_owner_substitution (test_milestone1_regressions.MilestoneOneRestorationTests.test_restore_rejects_spot_owner_substitution) ... ok
test_restore_rejects_v1_reservation_reclassified_as_pending (test_milestone1_regressions.MilestoneOneRestorationTests.test_restore_rejects_v1_reservation_reclassified_as_pending) ... ok
test_valid_zero_replacement_still_cancels_and_releases_reserve (test_milestone1_regressions.MilestoneOneZeroReplacementTests.test_valid_zero_replacement_still_cancels_and_releases_reserve) ... ok
test_zero_replacement_rejects_descending_prices (test_milestone1_regressions.MilestoneOneZeroReplacementTests.test_zero_replacement_rejects_descending_prices) ... ok
test_zero_replacement_rejects_repeated_prices (test_milestone1_regressions.MilestoneOneZeroReplacementTests.test_zero_replacement_rejects_repeated_prices) ... ok
test_zero_replacement_rejects_seventeen_points (test_milestone1_regressions.MilestoneOneZeroReplacementTests.test_zero_replacement_rejects_seventeen_points) ... ok
test_boolean_cannot_replace_integer_in_restored_derived_state (test_milestone1_snapshot.ModelReplayEnvelopeTests.test_boolean_cannot_replace_integer_in_restored_derived_state) ... ok
test_byte_limits_fail_before_commit_and_before_restore (test_milestone1_snapshot.ModelReplayEnvelopeTests.test_byte_limits_fail_before_commit_and_before_restore) ... ok
test_changed_authority_or_amount_in_history_is_not_original_retry (test_milestone1_snapshot.ModelReplayEnvelopeTests.test_changed_authority_or_amount_in_history_is_not_original_retry) ... ok
test_legacy_snapshot_refuses_without_silent_recovery_or_rewrite (test_milestone1_snapshot.ModelReplayEnvelopeTests.test_legacy_snapshot_refuses_without_silent_recovery_or_rewrite) ... ok
test_missing_history_does_not_reconstitute_credit (test_milestone1_snapshot.ModelReplayEnvelopeTests.test_missing_history_does_not_reconstitute_credit) ... ok
test_permuted_and_duplicate_wrappers_have_same_replay_history (test_milestone1_snapshot.ModelReplayEnvelopeTests.test_permuted_and_duplicate_wrappers_have_same_replay_history) ... ok
test_record_limit_is_atomic_for_state_outcomes_and_history (test_milestone1_snapshot.ModelReplayEnvelopeTests.test_record_limit_is_atomic_for_state_outcomes_and_history) ... ok
test_replay_has_no_dynamic_dispatch_or_fault_injection (test_milestone1_snapshot.ModelReplayEnvelopeTests.test_replay_has_no_dynamic_dispatch_or_fault_injection) ... ok
test_supplied_action_id_cannot_override_canonical_content (test_milestone1_snapshot.ModelReplayEnvelopeTests.test_supplied_action_id_cannot_override_canonical_content) ... ok
test_all_markets_clear_in_canonical_id_order (test_model.AccountingTests.test_all_markets_clear_in_canonical_id_order) ... ok
test_amount_overflow_and_aggregate_custody_overflow_are_atomic (test_model.AccountingTests.test_amount_overflow_and_aggregate_custody_overflow_are_atomic) ... ok
test_base_reservations_are_shared_between_quote_markets (test_model.AccountingTests.test_base_reservations_are_shared_between_quote_markets) ... ok
test_batch_transfers_share_precomputed_withdrawable_allowance (test_model.AccountingTests.test_batch_transfers_share_precomputed_withdrawable_allowance) ... ok
test_canonical_encoding_and_semantic_action_identity (test_model.AccountingTests.test_canonical_encoding_and_semantic_action_identity) ... ok
test_cash_adapters_never_implicitly_debit_spot_or_other_ledger (test_model.AccountingTests.test_cash_adapters_never_implicitly_debit_spot_or_other_ledger) ... ok
test_completed_a_with_conflicting_b_returns_stored_a_without_reexecution (test_model.AccountingTests.test_completed_a_with_conflicting_b_returns_stored_a_without_reexecution) ... ok
test_contradictory_deposits_reject_whole_batch (test_model.AccountingTests.test_contradictory_deposits_reject_whole_batch) ... ok
test_cumulative_order_fee_floor_survives_partial_fill_and_replace (test_model.AccountingTests.test_cumulative_order_fee_floor_survives_partial_fill_and_replace) ... ok
test_custody_domain_and_output_are_part_of_deposit_identity (test_model.AccountingTests.test_custody_domain_and_output_are_part_of_deposit_identity) ... ok
test_distinct_asset_ids_with_same_symbol_never_share_money (test_model.AccountingTests.test_distinct_asset_ids_with_same_symbol_never_share_money) ... ok
test_exact_asset_balance_is_shared_between_markets (test_model.AccountingTests.test_exact_asset_balance_is_shared_between_markets) ... ok
test_explicit_transfers_preserve_exact_assets_and_round_trip (test_model.AccountingTests.test_explicit_transfers_preserve_exact_assets_and_round_trip) ... ok
test_failed_replace_preserves_order_and_reservation (test_model.AccountingTests.test_failed_replace_preserves_order_and_reservation) ... ok
test_fault_after_actions_restores_entire_candidate (test_model.AccountingTests.test_fault_after_actions_restores_entire_candidate) ... ok
test_fault_after_first_fill_restores_balances_orders_fees_and_sequences (test_model.AccountingTests.test_fault_after_first_fill_restores_balances_orders_fees_and_sequences) ... ok
test_fee_claim_uses_historical_seat_authority (test_model.AccountingTests.test_fee_claim_uses_historical_seat_authority) ... ok
test_fixture_identifiers_are_raw_canonical_bytes (test_model.AccountingTests.test_fixture_identifiers_are_raw_canonical_bytes) ... ok
test_full_fill_charges_each_side_integer_fee (test_model.AccountingTests.test_full_fill_charges_each_side_integer_fee) ... ok
test_identical_deposit_duplicates_credit_once_within_and_across_batches (test_model.AccountingTests.test_identical_deposit_duplicates_credit_once_within_and_across_batches) ... ok
test_input_mutation_cannot_change_instruction_or_committed_state (test_model.AccountingTests.test_input_mutation_cannot_change_instruction_or_committed_state) ... ok
test_intermediate_fee_product_limit_is_enforced_atomically (test_model.AccountingTests.test_intermediate_fee_product_limit_is_enforced_atomically) ... ok
test_invalid_settlement_cannot_consume_pending_claim (test_model.AccountingTests.test_invalid_settlement_cannot_consume_pending_claim) ... ok
test_malformed_snapshot_is_rejected (test_model.AccountingTests.test_malformed_snapshot_is_rejected) ... ok
test_market_ids_include_decimals_and_ignore_constructor_order (test_model.AccountingTests.test_market_ids_include_decimals_and_ignore_constructor_order) ... ok
test_missing_capacity_rejects_withdrawal_without_money_changes (test_model.AccountingTests.test_missing_capacity_rejects_withdrawal_without_money_changes) ... ok
test_missing_denied_unknown_or_undefined_risk_rejects_both_directions (test_model.AccountingTests.test_missing_denied_unknown_or_undefined_risk_rejects_both_directions) ... ok
test_open_reservation_blocks_withdrawal_and_futures_transfer (test_model.AccountingTests.test_open_reservation_blocks_withdrawal_and_futures_transfer) ... ok
test_partial_fill_replace_stale_cancel_and_final_release (test_model.AccountingTests.test_partial_fill_replace_stale_cancel_and_final_release) ... ok
test_pending_capacity_is_cumulative_and_exact_asset_scoped (test_model.AccountingTests.test_pending_capacity_is_cumulative_and_exact_asset_scoped) ... ok
test_pending_withdrawal_and_futures_balances_do_not_back_orders (test_model.AccountingTests.test_pending_withdrawal_and_futures_balances_do_not_back_orders) ... ok
test_rejected_outcome_is_permanent_even_after_new_funding (test_model.AccountingTests.test_rejected_outcome_is_permanent_even_after_new_funding) ... ok
test_reservation_notional_plus_fee_overflow_rejects_whole_candidate (test_model.AccountingTests.test_reservation_notional_plus_fee_overflow_rejects_whole_candidate) ... ok
test_risk_configuration_owner_and_withdrawable_are_checked (test_model.AccountingTests.test_risk_configuration_owner_and_withdrawable_are_checked) ... ok
test_seeded_random_sequences_permutations_and_periodic_restore (test_model.AccountingTests.test_seeded_random_sequences_permutations_and_periodic_restore)
Two independently executed histories must agree after every batch. ... ok
test_sequence_gap_is_nonterminal (test_model.AccountingTests.test_sequence_gap_is_nonterminal) ... ok
test_settlement_is_single_use_and_releases_capacity (test_model.AccountingTests.test_settlement_is_single_use_and_releases_capacity) ... ok
test_snapshot_restore_is_byte_exact_and_replay_deterministic (test_model.AccountingTests.test_snapshot_restore_is_byte_exact_and_replay_deterministic) ... ok
test_snapshot_tampering_with_balance_or_stored_instruction_is_rejected (test_model.AccountingTests.test_snapshot_tampering_with_balance_or_stored_instruction_is_rejected) ... ok
test_spot_deposit_to_futures_does_not_expand_precomputed_allowance (test_model.AccountingTests.test_spot_deposit_to_futures_does_not_expand_precomputed_allowance) ... ok
test_state_rejection_consumes_sequence_and_next_action_can_succeed_same_batch (test_model.AccountingTests.test_state_rejection_consumes_sequence_and_next_action_can_succeed_same_batch) ... ok
test_treasury_claim_uses_frozen_authority (test_model.AccountingTests.test_treasury_claim_uses_frozen_authority) ... ok
test_treasury_floor_is_per_batch_without_fractional_carry (test_model.AccountingTests.test_treasury_floor_is_per_batch_without_fractional_carry) ... ok
test_unconsumed_equivocation_does_not_pick_winner_by_input_order (test_model.AccountingTests.test_unconsumed_equivocation_does_not_pick_winner_by_input_order) ... ok
test_unverified_fact_and_unauthorized_action_rollback_whole_batch (test_model.AccountingTests.test_unverified_fact_and_unauthorized_action_rollback_whole_batch) ... ok
test_existing_v2_deposit_cannot_be_retroactively_linked_to_v1_funding (test_model.V1SegregationTests.test_existing_v2_deposit_cannot_be_retroactively_linked_to_v1_funding) ... ok
test_v1_balance_and_reservation_do_not_fund_v2_order_or_withdrawal (test_model.V1SegregationTests.test_v1_balance_and_reservation_do_not_fund_v2_order_or_withdrawal) ... ok
test_v1_overwithdraw_and_repeated_seed_are_atomic (test_model.V1SegregationTests.test_v1_overwithdraw_and_repeated_seed_are_atomic) ... ok
test_v1_receipt_cannot_redeposit_different_asset_amount_or_destination (test_model.V1SegregationTests.test_v1_receipt_cannot_redeposit_different_asset_amount_or_destination) ... ok
test_v1_settlement_then_distinct_v2_deposit_is_single_use (test_model.V1SegregationTests.test_v1_settlement_then_distinct_v2_deposit_is_single_use) ... ok
test_one_deposit_cannot_consume_two_v1_funding_receipts (test_validation.SnapshotValidationTests.test_one_deposit_cannot_consume_two_v1_funding_receipts) ... ok
test_restore_binds_pending_receipt_to_original_instruction (test_validation.SnapshotValidationTests.test_restore_binds_pending_receipt_to_original_instruction) ... ok
test_restore_rejects_unknown_custody_asset (test_validation.SnapshotValidationTests.test_restore_rejects_unknown_custody_asset) ... ok
test_restore_revalidates_deposit_authentication (test_validation.SnapshotValidationTests.test_restore_revalidates_deposit_authentication) ... ok
test_restore_revalidates_deposit_identity (test_validation.SnapshotValidationTests.test_restore_revalidates_deposit_identity) ... ok
test_restore_revalidates_outcome_sequence (test_validation.SnapshotValidationTests.test_restore_revalidates_outcome_sequence) ... ok
test_restore_revalidates_record_bounds (test_validation.SnapshotValidationTests.test_restore_revalidates_record_bounds) ... ok
test_restore_revalidates_settlement_against_claim (test_validation.SnapshotValidationTests.test_restore_revalidates_settlement_against_claim) ... ok
test_restore_revalidates_v1_receipt_against_external_funds (test_validation.SnapshotValidationTests.test_restore_revalidates_v1_receipt_against_external_funds) ... ok

----------------------------------------------------------------------
Ran 113 tests in 64.320s

OK
