agreement: discovered 142 tests
{'header_ingress_without_ticks': [{'conflicting_bodies': 100, 'headers': 2, 'header_bytes': 1344, 'aggregation_keys': 1, 'aggregation_votes': 0}, {'conflicting_bodies': 200, 'headers': 2, 'header_bytes': 1344, 'aggregation_keys': 1, 'aggregation_votes': 0}, {'conflicting_bodies': 300, 'headers': 2, 'header_bytes': 1344, 'aggregation_keys': 1, 'aggregation_votes': 0}]}
{'default_count_header_pressure': [{'conflicting_bodies': 100, 'headers': 32, 'header_bytes': 21504, 'aggregation_keys': 1, 'aggregation_votes': 0}, {'conflicting_bodies': 200, 'headers': 32, 'header_bytes': 21504, 'aggregation_keys': 1, 'aggregation_votes': 0}, {'conflicting_bodies': 300, 'headers': 32, 'header_bytes': 21504, 'aggregation_keys': 1, 'aggregation_votes': 0}]}
{'received_vote_retention': [{'cycles': 150, 'peak_buckets': 2, 'peak_cleanup_buckets_inspected': 2, 'retained_buckets': 2, 'issued_audit_objects': 600}, {'cycles': 300, 'peak_buckets': 2, 'peak_cleanup_buckets_inspected': 2, 'retained_buckets': 2, 'issued_audit_objects': 1200}, {'cycles': 450, 'peak_buckets': 2, 'peak_cleanup_buckets_inspected': 2, 'retained_buckets': 2, 'issued_audit_objects': 1800}]}
test_byzantine_hash_advertisements_have_bounded_references_and_requests (test_admission.AdmissionTests.test_byzantine_hash_advertisements_have_bounded_references_and_requests) ... ok
test_certificate_body_arriving_after_view_change_recovers_old_decision (test_admission.AdmissionTests.test_certificate_body_arriving_after_view_change_recovers_old_decision) ... ok
test_duplicate_valid_body_does_not_grow_cache_or_repeat_signature (test_admission.AdmissionTests.test_duplicate_valid_body_does_not_grow_cache_or_repeat_signature) ... ok
test_exact_257_unsolicited_invalid_bodies_do_not_halt_signing (test_admission.AdmissionTests.test_exact_257_unsolicited_invalid_bodies_do_not_halt_signing) ... ok
test_expired_reply_is_rejected_then_refreshed_request_recovers (test_admission.AdmissionTests.test_expired_reply_is_rejected_then_refreshed_request_recovers) ... ok
test_forged_irrelevant_and_insufficient_proof_references_are_refused (test_admission.AdmissionTests.test_forged_irrelevant_and_insufficient_proof_references_are_refused) ... ok
test_full_disposable_inbox_preserves_accepted_vote_and_recovers (test_admission.AdmissionTests.test_full_disposable_inbox_preserves_accepted_vote_and_recovers) ... ok
test_inline_proposal_data_needs_no_previous_fetch (test_admission.AdmissionTests.test_inline_proposal_data_needs_no_previous_fetch) ... ok
test_junk_before_and_during_a_valid_decision_preserves_progress (test_admission.AdmissionTests.test_junk_before_and_during_a_valid_decision_preserves_progress) ... ok
test_missing_anchor_defers_inline_body_without_fabricated_validation (test_admission.AdmissionTests.test_missing_anchor_defers_inline_body_without_fabricated_validation) ... ok
test_plausible_unrequested_bodies_do_not_allocate_or_apply (test_admission.AdmissionTests.test_plausible_unrequested_bodies_do_not_allocate_or_apply) ... ok
test_pressure_preserves_prepared_commit_evidence_across_restart (test_admission.AdmissionTests.test_pressure_preserves_prepared_commit_evidence_across_restart) ... ok
test_referenced_invalid_application_body_cannot_mutate_accounting (test_admission.AdmissionTests.test_referenced_invalid_application_body_cannot_mutate_accounting) ... ok
test_remote_candidate_body_survives_each_proposer_publication_boundary (test_admission.AdmissionTests.test_remote_candidate_body_survives_each_proposer_publication_boundary) ... ok
test_remote_offer_pressure_cannot_poison_next_local_request (test_admission.AdmissionTests.test_remote_offer_pressure_cannot_poison_next_local_request) ... ok
test_wrong_hash_malformed_and_oversized_bodies_are_refused (test_admission.AdmissionTests.test_wrong_hash_malformed_and_oversized_bodies_are_refused) ... ok
test_accounting_reservation_partial_fill_cancel_and_cash_transfers (test_agreement.AgreementTests.test_accounting_reservation_partial_fill_cancel_and_cash_transfers) ... ok
test_competing_same_trades_at_two_anchors_recover_as_distinct_values (test_agreement.AgreementTests.test_competing_same_trades_at_two_anchors_recover_as_distinct_values) ... ok
test_equivalent_commit_signer_subsets_do_not_change_parent_or_apply_twice (test_agreement.AgreementTests.test_equivalent_commit_signer_subsets_do_not_change_parent_or_apply_twice) ... ok
test_equivocating_proposer_split_prepares_recover_without_erasure (test_agreement.AgreementTests.test_equivocating_proposer_split_prepares_recover_without_erasure) ... ok
test_four_two_two_and_seven_four_three_partitions_stop_then_heal (test_agreement.AgreementTests.test_four_two_two_and_seven_four_three_partitions_stop_then_heal) ... ok
test_local_tips_do_not_change_validity_distinct_candidate_anchors (test_agreement.AgreementTests.test_local_tips_do_not_change_validity_distinct_candidate_anchors) ... ok
test_missing_anchor_fetches_exact_evidence_before_voting (test_agreement.AgreementTests.test_missing_anchor_fetches_exact_evidence_before_voting) ... ok
test_normal_multiple_sequences_same_value_parent_not_proof_subset (test_agreement.AgreementTests.test_normal_multiple_sequences_same_value_parent_not_proof_subset) ... ok
test_ordinary_proposer_unavailable_progress_next_honest_view (test_agreement.AgreementTests.test_ordinary_proposer_unavailable_progress_next_honest_view) ... ok
test_seven_five_two_progress_requires_five_responsive_seats (test_agreement.AgreementTests.test_seven_five_two_progress_requires_five_responsive_seats) ... ok
test_sparse_final_operation_does_not_require_next_trade (test_agreement.AgreementTests.test_sparse_final_operation_does_not_require_next_trade) ... ok
test_view_exhaustion_retains_every_signed_obligation (test_agreement.AgreementTests.test_view_exhaustion_retains_every_signed_obligation) ... ok
test_wrong_domain_set_phase_view_and_duplicates_do_not_supply_quorum (test_agreement.AgreementTests.test_wrong_domain_set_phase_view_and_duplicates_do_not_supply_quorum) ... ok
test_alternate_ancestry_cannot_extend_agreed_parent (test_application.ApplicationTests.test_alternate_ancestry_cannot_extend_agreed_parent) ... ok
test_anchor_choice_changes_value_but_not_instance_or_execution (test_application.ApplicationTests.test_anchor_choice_changes_value_but_not_instance_or_execution) ... ok
test_anchor_context_hash_height_and_chain_are_verified (test_application.ApplicationTests.test_anchor_context_hash_height_and_chain_are_verified) ... ok
test_anchor_regression_and_equal_height_fork_reject (test_application.ApplicationTests.test_anchor_regression_and_equal_height_fork_reject) ... ok
test_caller_mutation_cannot_change_built_body_or_snapshot (test_application.ApplicationTests.test_caller_mutation_cannot_change_built_body_or_snapshot) ... ok
test_identical_reproposal_and_consecutive_instance_identity (test_application.ApplicationTests.test_identical_reproposal_and_consecutive_instance_identity) ... ok
test_imported_facts_are_synthetic_and_not_newer_than_anchor (test_application.ApplicationTests.test_imported_facts_are_synthetic_and_not_newer_than_anchor) ... ok
test_invalid_snapshot_install_preserves_committed_state (test_application.ApplicationTests.test_invalid_snapshot_install_preserves_committed_state) ... ok
test_missing_candidate_or_intermediate_anchor_needs_exact_data (test_application.ApplicationTests.test_missing_candidate_or_intermediate_anchor_needs_exact_data) ... ok
test_normalization_deduplicates_and_sorts_facts_and_actions (test_application.ApplicationTests.test_normalization_deduplicates_and_sorts_facts_and_actions) ... ok
test_preview_build_validate_are_nonmutating_until_install (test_application.ApplicationTests.test_preview_build_validate_are_nonmutating_until_install) ... ok
test_receivers_reject_noncanonical_batches_and_unknown_fields (test_application.ApplicationTests.test_receivers_reject_noncanonical_batches_and_unknown_fields) ... ok
test_reservation_fill_cancel_and_explicit_transfer_sequence (test_application.ApplicationTests.test_reservation_fill_cancel_and_explicit_transfer_sequence) ... ok
test_strict_codec_and_versioned_value_identity (test_application.ApplicationTests.test_strict_codec_and_versioned_value_identity) ... ok
test_wrong_result_root_and_wrong_instance_reject_without_effect (test_application.ApplicationTests.test_wrong_result_root_and_wrong_instance_reject_without_effect) ... ok
test_all_issued_commits_count_without_any_delivered_certificate (test_checker.CheckerTests.test_all_issued_commits_count_without_any_delivered_certificate) ... ok
test_byzantine_wrong_domain_and_malformed_messages_cannot_count (test_checker.CheckerTests.test_byzantine_wrong_domain_and_malformed_messages_cannot_count) ... ok
test_checker_never_calls_implementation_proof_verifier (test_checker.CheckerTests.test_checker_never_calls_implementation_proof_verifier) ... ok
test_historical_records_and_parent_continuity_across_sequences (test_checker.CheckerTests.test_historical_records_and_parent_continuity_across_sequences) ... ok
test_multilevel_anchor_audit_survives_all_volatile_caches_restarting (test_checker.CheckerTests.test_multilevel_anchor_audit_survives_all_volatile_caches_restarting) ... ok
test_negative_control_application_is_exactly_once (test_checker.CheckerTests.test_negative_control_application_is_exactly_once) ... ok
test_negative_control_applied_body_must_match_proof_and_root (test_checker.CheckerTests.test_negative_control_applied_body_must_match_proof_and_root) ... ok
test_negative_control_applied_marker_requires_certificate (test_checker.CheckerTests.test_negative_control_applied_marker_requires_certificate) ... ok
test_negative_control_authentication_audit_tampering (test_checker.CheckerTests.test_negative_control_authentication_audit_tampering) ... ok
test_negative_control_commit_requires_durable_prepared_quorum (test_checker.CheckerTests.test_negative_control_commit_requires_durable_prepared_quorum) ... ok
test_negative_control_conflicting_parent_contexts_at_same_sequence (test_checker.CheckerTests.test_negative_control_conflicting_parent_contexts_at_same_sequence) ... ok
test_negative_control_durable_signature_and_intent_must_be_exact (test_checker.CheckerTests.test_negative_control_durable_signature_and_intent_must_be_exact) ... ok
test_negative_control_fresh_signature_requires_local_anchor_ancestry (test_checker.CheckerTests.test_negative_control_fresh_signature_requires_local_anchor_ancestry) ... ok
test_negative_control_fresh_signature_requires_local_exact_body (test_checker.CheckerTests.test_negative_control_fresh_signature_requires_local_exact_body) ... ok
test_negative_control_historical_anchor_fork_or_height_gap (test_checker.CheckerTests.test_negative_control_historical_anchor_fork_or_height_gap) ... ok
test_negative_control_immutable_new_view_full_payload (test_checker.CheckerTests.test_negative_control_immutable_new_view_full_payload) ... ok
test_negative_control_immutable_view_change_full_payload (test_checker.CheckerTests.test_negative_control_immutable_view_change_full_payload) ... ok
test_negative_control_late_prepared_record_cannot_repair_early_commit (test_checker.CheckerTests.test_negative_control_late_prepared_record_cannot_repair_early_commit) ... ok
test_negative_control_live_snapshot_requires_reexecuted_prefix (test_checker.CheckerTests.test_negative_control_live_snapshot_requires_reexecuted_prefix) ... ok
test_negative_control_local_anchor_lookup_must_match_exact_header (test_checker.CheckerTests.test_negative_control_local_anchor_lookup_must_match_exact_header) ... ok
test_negative_control_nested_duplicate_signer_proof_rejected (test_checker.CheckerTests.test_negative_control_nested_duplicate_signer_proof_rejected) ... ok
test_negative_control_nonzero_vote_requires_exact_durable_new_view (test_checker.CheckerTests.test_negative_control_nonzero_vote_requires_exact_durable_new_view) ... ok
test_negative_control_prepare_requires_durable_accepted_proposal (test_checker.CheckerTests.test_negative_control_prepare_requires_durable_accepted_proposal) ... ok
test_negative_control_publication_before_signature_persistence (test_checker.CheckerTests.test_negative_control_publication_before_signature_persistence) ... ok
test_negative_control_published_token_must_exist_and_match_sender (test_checker.CheckerTests.test_negative_control_published_token_must_exist_and_match_sender) ... ok
test_negative_control_signature_generation_before_durable_intent (test_checker.CheckerTests.test_negative_control_signature_generation_before_durable_intent) ... ok
test_negative_control_signature_persistence_requires_historical_guard (test_checker.CheckerTests.test_negative_control_signature_persistence_requires_historical_guard) ... ok
test_negative_control_two_hidden_cross_view_commit_quorums (test_checker.CheckerTests.test_negative_control_two_hidden_cross_view_commit_quorums) ... ok
test_normal_both_rosters_and_honest_view_changes (test_checker.CheckerTests.test_normal_both_rosters_and_honest_view_changes) ... ok
test_possible_quorum_counts_only_unpublished_crash_commit_signatures (test_checker.CheckerTests.test_possible_quorum_counts_only_unpublished_crash_commit_signatures) ... ok
test_recovery_retains_application_and_signature_history (test_checker.CheckerTests.test_recovery_retains_application_and_signature_history) ... ok
test_repeated_byzantine_identity_does_not_manufacture_a_quorum (test_checker.CheckerTests.test_repeated_byzantine_identity_does_not_manufacture_a_quorum) ... ok
test_signed_but_unpublished_crash_record_is_audited (test_checker.CheckerTests.test_signed_but_unpublished_crash_record_is_audited) ... ok
test_unchanged_agreed_anchor_needs_no_volatile_ancestry (test_checker.CheckerTests.test_unchanged_agreed_anchor_needs_no_volatile_ancestry) ... ok
test_unfinished_intent_without_signature_is_safe (test_checker.CheckerTests.test_unfinished_intent_without_signature_is_safe) ... ok
test_all_split_assignments_and_first_delivery_orders (test_exploration.ExplorationTests.test_all_split_assignments_and_first_delivery_orders) ... ok
test_predeclared_random_prefixes_and_fair_recovery_tails (test_exploration.ExplorationTests.test_predeclared_random_prefixes_and_fair_recovery_tails) ... ok
test_100_200_300_conflicting_bodies_without_ticks_are_bounded_and_progress (test_header_bounds.HeaderBoundsTests.test_100_200_300_conflicting_bodies_without_ticks_are_bounded_and_progress) ... ok
test_below_single_header_byte_cap_uses_durable_evidence_without_halt (test_header_bounds.HeaderBoundsTests.test_below_single_header_byte_cap_uses_durable_evidence_without_halt) ... ok
test_cache_pressure_fallback_does_not_accept_forged_or_wrong_instance_proposals (test_header_bounds.HeaderBoundsTests.test_cache_pressure_fallback_does_not_accept_forged_or_wrong_instance_proposals) ... ok
test_commit_votes_before_prepared_header_are_applied_on_evidence_arrival (test_header_bounds.HeaderBoundsTests.test_commit_votes_before_prepared_header_are_applied_on_evidence_arrival) ... ok
test_default_32_header_count_with_sustained_same_clock_pressure (test_header_bounds.HeaderBoundsTests.test_default_32_header_count_with_sustained_same_clock_pressure) ... ok
test_evicted_candidate_valid_proof_requests_missing_body_and_recovers (test_header_bounds.HeaderBoundsTests.test_evicted_candidate_valid_proof_requests_missing_body_and_recovers) ... ok
test_full_protected_header_count_uses_exact_durable_preparation_for_commit (test_header_bounds.HeaderBoundsTests.test_full_protected_header_count_uses_exact_durable_preparation_for_commit) ... ok
test_header_byte_pressure_at_disclosed_small_test_cap (test_header_bounds.HeaderBoundsTests.test_header_byte_pressure_at_disclosed_small_test_cap) ... ok
test_header_count_pressure_at_disclosed_small_test_cap (test_header_bounds.HeaderBoundsTests.test_header_count_pressure_at_disclosed_small_test_cap) ... ok
test_votes_before_conflicting_header_assemble_real_qc_without_resigning (test_header_bounds.HeaderBoundsTests.test_votes_before_conflicting_header_assemble_real_qc_without_resigning) ... ok
test_already_signed_intent_retransmits_exactly_without_new_signature (test_publication_recovery.PublicationRecoveryTests.test_already_signed_intent_retransmits_exactly_without_new_signature) ... ok
test_missing_evidence_retry_preserves_intent_and_no_signature (test_publication_recovery.PublicationRecoveryTests.test_missing_evidence_retry_preserves_intent_and_no_signature) ... ok
test_restart_unsigned_intent_waits_for_local_evidence (test_publication_recovery.PublicationRecoveryTests.test_restart_unsigned_intent_waits_for_local_evidence) ... ok
test_timeout_does_not_resume_abandoned_unsigned_intent (test_publication_recovery.PublicationRecoveryTests.test_timeout_does_not_resume_abandoned_unsigned_intent) ... ok
test_E_omitted_lone_preparation_cannot_veto_valid_new_view (test_recovery.RecoveryTests.test_E_omitted_lone_preparation_cannot_veto_valid_new_view) ... ok
test_F_hidden_commit_quorum_forces_intersecting_view_report (test_recovery.RecoveryTests.test_F_hidden_commit_quorum_forces_intersecting_view_report) ... ok
test_G_future_prepared_proof_carries_new_view_but_needs_accepted_proposal (test_recovery.RecoveryTests.test_G_future_prepared_proof_carries_new_view_but_needs_accepted_proposal) ... ok
test_G_late_preparation_does_not_rewrite_immutable_report (test_recovery.RecoveryTests.test_G_late_preparation_does_not_rewrite_immutable_report) ... ok
test_K_old_complete_certificate_applies_after_timeout_and_restart (test_recovery.RecoveryTests.test_K_old_complete_certificate_applies_after_timeout_and_restart) ... ok
test_L_single_byzantine_future_claim_neither_advances_nor_resets_timer (test_recovery.RecoveryTests.test_L_single_byzantine_future_claim_neither_advances_nor_resets_timer) ... ok
test_M_prepare_and_commit_crash_boundaries_preserve_exact_votes (test_recovery.RecoveryTests.test_M_prepare_and_commit_crash_boundaries_preserve_exact_votes) ... ok
test_N_decision_and_application_crashes_replay_once (test_recovery.RecoveryTests.test_N_decision_and_application_crashes_replay_once) ... ok
test_N_restart_after_decision_recovers_missing_volatile_anchor_evidence (test_recovery.RecoveryTests.test_N_restart_after_decision_recovers_missing_volatile_anchor_evidence) ... ok
test_N_restarted_prepared_replica_aggregates_commit_votes_without_new_proposal (test_recovery.RecoveryTests.test_N_restarted_prepared_replica_aggregates_commit_votes_without_new_proposal) ... ok
test_N_sole_final_offer_survives_crash_before_proposal_intent (test_recovery.RecoveryTests.test_N_sole_final_offer_survives_crash_before_proposal_intent) ... ok
test_O_known_rollback_fences_signing_permanently_but_allows_catch_up (test_recovery.RecoveryTests.test_O_known_rollback_fences_signing_permanently_but_allows_catch_up) ... ok
test_Q_missing_body_certificate_defers_without_vote_then_fetches (test_recovery.RecoveryTests.test_Q_missing_body_certificate_defers_without_vote_then_fetches) ... ok
test_atomic_update_copies_touched_records_without_scanning_history (test_retry_bounds.RetryBoundsTests.test_atomic_update_copies_touched_records_without_scanning_history) ... ok
test_exhausted_budget_stops_before_payload_encoding (test_retry_bounds.RetryBoundsTests.test_exhausted_budget_stops_before_payload_encoding) ... ok
test_exhausted_same_tick_retry_preserves_unserved_history_request (test_retry_bounds.RetryBoundsTests.test_exhausted_same_tick_retry_preserves_unserved_history_request) ... ok
test_failed_atomic_update_leaves_all_durable_state_unchanged (test_retry_bounds.RetryBoundsTests.test_failed_atomic_update_leaves_all_durable_state_unchanged) ... ok
test_historical_request_lane_is_fair_with_current_work (test_retry_bounds.RetryBoundsTests.test_historical_request_lane_is_fair_with_current_work) ... ok
test_laggard_discovers_and_fetches_missed_history_after_restart (test_retry_bounds.RetryBoundsTests.test_laggard_discovers_and_fetches_missed_history_after_restart) ... ok
test_large_current_proofs_cannot_starve_history_discovery (test_retry_bounds.RetryBoundsTests.test_large_current_proofs_cannot_starve_history_discovery) ... ok
test_old_view_signatures_retransmit_exactly_without_being_resigned (test_retry_bounds.RetryBoundsTests.test_old_view_signatures_retransmit_exactly_without_being_resigned) ... ok
test_restart_retry_can_finish_an_intent_without_copying_history (test_retry_bounds.RetryBoundsTests.test_restart_retry_can_finish_an_intent_without_copying_history) ... ok
test_retry_does_not_rebroadcast_all_retained_decisions (test_retry_bounds.RetryBoundsTests.test_retry_does_not_rebroadcast_all_retained_decisions) ... ok
test_same_tick_retries_share_budget_before_encoding_and_fanout (test_retry_bounds.RetryBoundsTests.test_same_tick_retries_share_budget_before_encoding_and_fanout) ... ok
test_untrusted_status_and_fetch_requests_cannot_vote_or_grow_without_bound (test_retry_bounds.RetryBoundsTests.test_untrusted_status_and_fetch_requests_cannot_vote_or_grow_without_bound) ... ok
test_work_and_actual_delivery_are_bounded_at_1_4_16_31_decisions (test_retry_bounds.RetryBoundsTests.test_work_and_actual_delivery_are_bounded_at_1_4_16_31_decisions) ... ok
test_authenticated_irrelevant_future_votes_do_not_halt_or_forget_obligations (test_review.ReviewTests.test_authenticated_irrelevant_future_votes_do_not_halt_or_forget_obligations) ... ok
test_exact_new_view_cannot_be_substituted_after_acceptance (test_review.ReviewTests.test_exact_new_view_cannot_be_substituted_after_acceptance) ... ok
test_forged_future_context_does_not_occupy_pending_cache (test_review.ReviewTests.test_forged_future_context_does_not_occupy_pending_cache) ... ok
test_local_resource_exhaustion_preserves_intent_and_halts (test_review.ReviewTests.test_local_resource_exhaustion_preserves_intent_and_halts) ... ok
test_sparse_offer_to_nonleader_reaches_agreement_without_next_request (test_review.ReviewTests.test_sparse_offer_to_nonleader_reaches_agreement_without_next_request) ... ok
test_active_request_still_starts_unchanged_timer (test_timer_eligibility.TimerEligibilityTests.test_active_request_still_starts_unchanged_timer) ... ok
test_local_offer_and_pending_retry_cannot_bypass_changing_predicate (test_timer_eligibility.TimerEligibilityTests.test_local_offer_and_pending_retry_cannot_bypass_changing_predicate) ... ok
test_quorum_of_genuine_same_target_reports_starts_timer (test_timer_eligibility.TimerEligibilityTests.test_quorum_of_genuine_same_target_reports_starts_timer) ... ok
test_remote_offer_with_zero_reports_does_not_start_changing_timer (test_timer_eligibility.TimerEligibilityTests.test_remote_offer_with_zero_reports_does_not_start_changing_timer) ... ok
test_reports_for_another_target_are_not_timer_evidence (test_timer_eligibility.TimerEligibilityTests.test_reports_for_another_target_are_not_timer_evidence) ... ok
test_restart_with_durable_offer_waits_for_reports (test_timer_eligibility.TimerEligibilityTests.test_restart_with_durable_offer_waits_for_reports) ... ok
test_sparse_idle_nonleader_request_completes_with_failed_first_leader (test_timer_eligibility.TimerEligibilityTests.test_sparse_idle_nonleader_request_completes_with_failed_first_leader) ... ok
test_delayed_vote_for_accepted_proposal_survives_reference_expiry (test_vote_retention.VoteRetentionTests.test_delayed_vote_for_accepted_proposal_survives_reference_expiry) ... ok
test_disposable_pressure_rejects_without_permanent_halt (test_vote_retention.VoteRetentionTests.test_disposable_pressure_rejects_without_permanent_halt) ... ok
test_exact_150_cycle_reproducer_and_increasing_cycles_stay_bounded (test_vote_retention.VoteRetentionTests.test_exact_150_cycle_reproducer_and_increasing_cycles_stay_bounded) ... ok
test_expired_unaccepted_votes_can_be_retransmitted_after_body_recovery (test_vote_retention.VoteRetentionTests.test_expired_unaccepted_votes_can_be_retransmitted_after_body_recovery) ... ok
test_expiry_without_new_votes_reclaims_only_disposable_buckets (test_vote_retention.VoteRetentionTests.test_expiry_without_new_votes_reclaims_only_disposable_buckets) ... ok
test_legitimate_agreement_after_bounded_campaign_and_supported_restart (test_vote_retention.VoteRetentionTests.test_legitimate_agreement_after_bounded_campaign_and_supported_restart) ... ok
test_prepared_commit_and_new_view_evidence_survive_pressure_and_restart (test_vote_retention.VoteRetentionTests.test_prepared_commit_and_new_view_evidence_survive_pressure_and_restart) ... ok
test_protected_bucket_displaces_disposable_at_explicit_small_test_cap (test_vote_retention.VoteRetentionTests.test_protected_bucket_displaces_disposable_at_explicit_small_test_cap) ... ok
test_stale_header_alone_does_not_protect_received_vote (test_vote_retention.VoteRetentionTests.test_stale_header_alone_does_not_protect_received_vote) ... ok

----------------------------------------------------------------------
Ran 142 tests in 76.483s

OK
